// Jest Snapshot v1, https://goo.gl/fbAQLP

exports[`Page(Header)コンポーネントSnapshot snapshot 1`] = `
<DocumentFragment>
  <header
    class="MuiPaper-root MuiPaper-elevation MuiPaper-elevation4 MuiAppBar-root MuiAppBar-colorPrimary MuiAppBar-positionRelative css-1vazdj7-MuiPaper-root-MuiAppBar-root"
  >
    <div
      class="MuiToolbar-root MuiToolbar-gutters MuiToolbar-regular css-1o68ijm-MuiToolbar-root"
    >
      <img
        alt="blog icon"
        data-nimg="1"
        decoding="async"
        height="40"
        loading="lazy"
        src="/_next/image?url=%2Fimg.jpg&w=96&q=75"
        srcset="/_next/image?url=%2Fimg.jpg&w=48&q=75 1x, /_next/image?url=%2Fimg.jpg&w=96&q=75 2x"
        style="color: transparent; width: 32px; height: 32px; margin-right: 1em;"
        width="40"
      />
      <div
        class="MuiBox-root css-g6d0rx"
      >
        <h6
          class="MuiTypography-root MuiTypography-h6 MuiTypography-noWrap css-8u39c-MuiTypography-root"
        >
          <a
            href="/"
          >
            My Blog
          </a>
        </h6>
        <h6
          class="MuiTypography-root MuiTypography-h6 MuiTypography-noWrap css-2l1qg7-MuiTypography-root"
        >
          <button
            class="MuiButtonBase-root MuiButton-root MuiButton-contained MuiButton-containedWarning MuiButton-sizeMedium MuiButton-containedSizeMedium MuiButton-root MuiButton-contained MuiButton-containedWarning MuiButton-sizeMedium MuiButton-containedSizeMedium css-1qtu9q6-MuiButtonBase-root-MuiButton-root"
            tabindex="0"
            type="button"
          >
            <a
              href="/articles"
            >
              記事を書く
            </a>
            <span
              class="MuiTouchRipple-root css-8je8zh-MuiTouchRipple-root"
            />
          </button>
        </h6>
      </div>
    </div>
  </header>
</DocumentFragment>
`;

exports[`PageコンポーネントSnapshot snapshot 1`] = `
<DocumentFragment>
  <header
    class="MuiPaper-root MuiPaper-elevation MuiPaper-elevation4 MuiAppBar-root MuiAppBar-colorPrimary MuiAppBar-positionRelative css-1vazdj7-MuiPaper-root-MuiAppBar-root"
  >
    <div
      class="MuiToolbar-root MuiToolbar-gutters MuiToolbar-regular css-1o68ijm-MuiToolbar-root"
    >
      <img
        alt="blog icon"
        data-nimg="1"
        decoding="async"
        height="40"
        loading="lazy"
        src="/_next/image?url=%2Fimg.jpg&w=96&q=75"
        srcset="/_next/image?url=%2Fimg.jpg&w=48&q=75 1x, /_next/image?url=%2Fimg.jpg&w=96&q=75 2x"
        style="color: transparent; width: 32px; height: 32px; margin-right: 1em;"
        width="40"
      />
      <div
        class="MuiBox-root css-g6d0rx"
      >
        <h6
          class="MuiTypography-root MuiTypography-h6 MuiTypography-noWrap css-8u39c-MuiTypography-root"
        >
          <a
            href="/"
          >
            My Blog
          </a>
        </h6>
        <h6
          class="MuiTypography-root MuiTypography-h6 MuiTypography-noWrap css-2l1qg7-MuiTypography-root"
        >
          <button
            class="MuiButtonBase-root MuiButton-root MuiButton-contained MuiButton-containedWarning MuiButton-sizeMedium MuiButton-containedSizeMedium MuiButton-root MuiButton-contained MuiButton-containedWarning MuiButton-sizeMedium MuiButton-containedSizeMedium css-1qtu9q6-MuiButtonBase-root-MuiButton-root"
            tabindex="0"
            type="button"
          >
            <a
              href="/articles"
            >
              記事を書く
            </a>
            <span
              class="MuiTouchRipple-root css-8je8zh-MuiTouchRipple-root"
            />
          </button>
        </h6>
      </div>
    </div>
  </header>
</DocumentFragment>
`;
