// Jest Snapshot v1, https://goo.gl/fbAQLP

exports[`DummyArticleコンポーネントSnapshot snapshot 1`] = `
<DocumentFragment>
  <div
    class="MuiPaper-root MuiPaper-elevation MuiPaper-rounded MuiPaper-elevation1 MuiCard-root css-bhp9pd-MuiPaper-root-MuiCard-root"
    data-testid="dummy-article"
  >
    <div
      class="MuiCardHeader-root css-185gdzj-MuiCardHeader-root"
    >
      <div
        class="MuiCardHeader-content css-1qbkelo-MuiCardHeader-content"
      >
        <span
          class="MuiTypography-root MuiTypography-h5 MuiCardHeader-title css-1qvr50w-MuiTypography-root"
        >
          記事タイトル(dummy)
        </span>
        <span
          class="MuiTypography-root MuiTypography-body1 MuiCardHeader-subheader css-nrdprl-MuiTypography-root"
        >
          2023/12/1
        </span>
      </div>
    </div>
    <img
      alt="blog image"
      class="MuiCardMedia-root MuiCardMedia-media MuiCardMedia-img css-o69gx8-MuiCardMedia-root"
      height="500"
      src="https://source.unsplash.com/collection/1346951/1000x500?sig=2"
      width="100%"
    />
    <div
      class="MuiCardContent-root css-46bh2p-MuiCardContent-root"
    >
      <p
        class="MuiTypography-root MuiTypography-body1 css-136xlp0-MuiTypography-root"
      >
        ダミー記事です。
        <br />
        右上の「記事を書く」ボタンから新規記事を執筆してください。
      </p>
      <p
        class="MuiTypography-root MuiTypography-body1 css-136xlp0-MuiTypography-root"
        data-testid="dummy-article--text"
      >
        ※   記事投稿後ダミー記事は非表示となります。
      </p>
      <div
        class="MuiCardActions-root css-1rwjz6-MuiCardActions-root"
      >
        <div
          aria-expanded="false"
          aria-label="show more"
          class="MuiBox-root css-d3fn1e"
        >
          <p
            class="MuiTypography-root MuiTypography-body1 css-ahj2mt-MuiTypography-root"
          >
            続きを読む
          </p>
        </div>
      </div>
    </div>
  </div>
</DocumentFragment>
`;
